------------------------------------------------------------
Timing Analyzer Summary
------------------------------------------------------------

Type  : Slow 1200mV 85C Model Setup 'pxlc|altpll_component|auto_generated|pll1|clk[0]'
Slack : -8.594
TNS   : -68.282

Type  : Slow 1200mV 85C Model Setup 'HvSync:HVS1|animate'
Slack : -2.083
TNS   : -38.953

Type  : Slow 1200mV 85C Model Setup 'pxlc|altpll_component|auto_generated|pll1|clk[1]'
Slack : 1.848
TNS   : 0.000

Type  : Slow 1200mV 85C Model Hold 'HvSync:HVS1|animate'
Slack : 0.357
TNS   : 0.000

Type  : Slow 1200mV 85C Model Hold 'pxlc|altpll_component|auto_generated|pll1|clk[1]'
Slack : 0.357
TNS   : 0.000

Type  : Slow 1200mV 85C Model Hold 'pxlc|altpll_component|auto_generated|pll1|clk[0]'
Slack : 0.417
TNS   : 0.000

Type  : Slow 1200mV 85C Model Minimum Pulse Width 'HvSync:HVS1|animate'
Slack : -1.000
TNS   : -25.000

Type  : Slow 1200mV 85C Model Minimum Pulse Width 'pxlc|altpll_component|auto_generated|pll1|clk[1]'
Slack : 1.732
TNS   : 0.000

Type  : Slow 1200mV 85C Model Minimum Pulse Width 'clk'
Slack : 9.835
TNS   : 0.000

Type  : Slow 1200mV 85C Model Minimum Pulse Width 'pxlc|altpll_component|auto_generated|pll1|clk[0]'
Slack : 19.605
TNS   : 0.000

Type  : Slow 1200mV 0C Model Setup 'pxlc|altpll_component|auto_generated|pll1|clk[0]'
Slack : -7.648
TNS   : -60.719

Type  : Slow 1200mV 0C Model Setup 'HvSync:HVS1|animate'
Slack : -1.753
TNS   : -31.536

Type  : Slow 1200mV 0C Model Setup 'pxlc|altpll_component|auto_generated|pll1|clk[1]'
Slack : 2.090
TNS   : 0.000

Type  : Slow 1200mV 0C Model Hold 'HvSync:HVS1|animate'
Slack : 0.311
TNS   : 0.000

Type  : Slow 1200mV 0C Model Hold 'pxlc|altpll_component|auto_generated|pll1|clk[1]'
Slack : 0.311
TNS   : 0.000

Type  : Slow 1200mV 0C Model Hold 'pxlc|altpll_component|auto_generated|pll1|clk[0]'
Slack : 0.371
TNS   : 0.000

Type  : Slow 1200mV 0C Model Minimum Pulse Width 'HvSync:HVS1|animate'
Slack : -1.000
TNS   : -25.000

Type  : Slow 1200mV 0C Model Minimum Pulse Width 'pxlc|altpll_component|auto_generated|pll1|clk[1]'
Slack : 1.729
TNS   : 0.000

Type  : Slow 1200mV 0C Model Minimum Pulse Width 'clk'
Slack : 9.818
TNS   : 0.000

Type  : Slow 1200mV 0C Model Minimum Pulse Width 'pxlc|altpll_component|auto_generated|pll1|clk[0]'
Slack : 19.601
TNS   : 0.000

Type  : Fast 1200mV 0C Model Setup 'pxlc|altpll_component|auto_generated|pll1|clk[0]'
Slack : -4.989
TNS   : -39.640

Type  : Fast 1200mV 0C Model Setup 'HvSync:HVS1|animate'
Slack : -0.742
TNS   : -11.305

Type  : Fast 1200mV 0C Model Setup 'pxlc|altpll_component|auto_generated|pll1|clk[1]'
Slack : 2.708
TNS   : 0.000

Type  : Fast 1200mV 0C Model Hold 'HvSync:HVS1|animate'
Slack : 0.187
TNS   : 0.000

Type  : Fast 1200mV 0C Model Hold 'pxlc|altpll_component|auto_generated|pll1|clk[1]'
Slack : 0.187
TNS   : 0.000

Type  : Fast 1200mV 0C Model Hold 'pxlc|altpll_component|auto_generated|pll1|clk[0]'
Slack : 0.220
TNS   : 0.000

Type  : Fast 1200mV 0C Model Minimum Pulse Width 'HvSync:HVS1|animate'
Slack : -1.000
TNS   : -25.000

Type  : Fast 1200mV 0C Model Minimum Pulse Width 'pxlc|altpll_component|auto_generated|pll1|clk[1]'
Slack : 1.768
TNS   : 0.000

Type  : Fast 1200mV 0C Model Minimum Pulse Width 'clk'
Slack : 9.587
TNS   : 0.000

Type  : Fast 1200mV 0C Model Minimum Pulse Width 'pxlc|altpll_component|auto_generated|pll1|clk[0]'
Slack : 19.639
TNS   : 0.000

------------------------------------------------------------
