------------------------------------------------------------
Timing Analyzer Summary
------------------------------------------------------------

Type  : Slow 1200mV 85C Model Setup 'pxlc|altpll_component|auto_generated|pll1|clk[0]'
Slack : -14.902
TNS   : -324.771

Type  : Slow 1200mV 85C Model Setup 'HvSync:HVS1|animate'
Slack : -2.620
TNS   : -139.020

Type  : Slow 1200mV 85C Model Setup 'pxlc|altpll_component|auto_generated|pll1|clk[1]'
Slack : 2.062
TNS   : 0.000

Type  : Slow 1200mV 85C Model Hold 'HvSync:HVS1|animate'
Slack : 0.343
TNS   : 0.000

Type  : Slow 1200mV 85C Model Hold 'pxlc|altpll_component|auto_generated|pll1|clk[1]'
Slack : 0.358
TNS   : 0.000

Type  : Slow 1200mV 85C Model Hold 'pxlc|altpll_component|auto_generated|pll1|clk[0]'
Slack : 0.361
TNS   : 0.000

Type  : Slow 1200mV 85C Model Minimum Pulse Width 'HvSync:HVS1|animate'
Slack : -1.000
TNS   : -74.000

Type  : Slow 1200mV 85C Model Minimum Pulse Width 'pxlc|altpll_component|auto_generated|pll1|clk[1]'
Slack : 1.732
TNS   : 0.000

Type  : Slow 1200mV 85C Model Minimum Pulse Width 'clk'
Slack : 9.835
TNS   : 0.000

Type  : Slow 1200mV 85C Model Minimum Pulse Width 'pxlc|altpll_component|auto_generated|pll1|clk[0]'
Slack : 19.605
TNS   : 0.000

Type  : Slow 1200mV 0C Model Setup 'pxlc|altpll_component|auto_generated|pll1|clk[0]'
Slack : -13.229
TNS   : -287.968

Type  : Slow 1200mV 0C Model Setup 'HvSync:HVS1|animate'
Slack : -2.239
TNS   : -116.312

Type  : Slow 1200mV 0C Model Setup 'pxlc|altpll_component|auto_generated|pll1|clk[1]'
Slack : 2.274
TNS   : 0.000

Type  : Slow 1200mV 0C Model Hold 'HvSync:HVS1|animate'
Slack : 0.300
TNS   : 0.000

Type  : Slow 1200mV 0C Model Hold 'pxlc|altpll_component|auto_generated|pll1|clk[1]'
Slack : 0.312
TNS   : 0.000

Type  : Slow 1200mV 0C Model Hold 'pxlc|altpll_component|auto_generated|pll1|clk[0]'
Slack : 0.320
TNS   : 0.000

Type  : Slow 1200mV 0C Model Minimum Pulse Width 'HvSync:HVS1|animate'
Slack : -1.000
TNS   : -74.000

Type  : Slow 1200mV 0C Model Minimum Pulse Width 'pxlc|altpll_component|auto_generated|pll1|clk[1]'
Slack : 1.729
TNS   : 0.000

Type  : Slow 1200mV 0C Model Minimum Pulse Width 'clk'
Slack : 9.818
TNS   : 0.000

Type  : Slow 1200mV 0C Model Minimum Pulse Width 'pxlc|altpll_component|auto_generated|pll1|clk[0]'
Slack : 19.601
TNS   : 0.000

Type  : Fast 1200mV 0C Model Setup 'pxlc|altpll_component|auto_generated|pll1|clk[0]'
Slack : -8.480
TNS   : -185.068

Type  : Fast 1200mV 0C Model Setup 'HvSync:HVS1|animate'
Slack : -1.042
TNS   : -48.072

Type  : Fast 1200mV 0C Model Setup 'pxlc|altpll_component|auto_generated|pll1|clk[1]'
Slack : 2.852
TNS   : 0.000

Type  : Fast 1200mV 0C Model Hold 'HvSync:HVS1|animate'
Slack : 0.179
TNS   : 0.000

Type  : Fast 1200mV 0C Model Hold 'pxlc|altpll_component|auto_generated|pll1|clk[1]'
Slack : 0.187
TNS   : 0.000

Type  : Fast 1200mV 0C Model Hold 'pxlc|altpll_component|auto_generated|pll1|clk[0]'
Slack : 0.194
TNS   : 0.000

Type  : Fast 1200mV 0C Model Minimum Pulse Width 'HvSync:HVS1|animate'
Slack : -1.000
TNS   : -74.000

Type  : Fast 1200mV 0C Model Minimum Pulse Width 'pxlc|altpll_component|auto_generated|pll1|clk[1]'
Slack : 1.767
TNS   : 0.000

Type  : Fast 1200mV 0C Model Minimum Pulse Width 'clk'
Slack : 9.587
TNS   : 0.000

Type  : Fast 1200mV 0C Model Minimum Pulse Width 'pxlc|altpll_component|auto_generated|pll1|clk[0]'
Slack : 19.640
TNS   : 0.000

------------------------------------------------------------
